##LAMP##

s4d2@cec-H110M:~$ su - cec
Password: 
cec@cec-H110M:~$ sudo apt update
[sudo] password for cec: 
Hit:1 http://ppa.launchpad.net/webupd8team/java/ubuntu xenial InRelease
Ign:2 http://dl.google.com/linux/chrome/deb stable InRelease                   
Hit:3 http://packages.microsoft.com/repos/vscode stable InRelease              
Hit:4 http://in.archive.ubuntu.com/ubuntu xenial InRelease                     
Hit:5 http://dl.google.com/linux/chrome/deb stable Release                     
Get:6 http://in.archive.ubuntu.com/ubuntu xenial-updates InRelease [109 kB]
Hit:8 https://download.sublimetext.com apt/stable/ InRelease                   
Get:9 http://in.archive.ubuntu.com/ubuntu xenial-backports InRelease [107 kB]
Get:10 http://security.ubuntu.com/ubuntu xenial-security InRelease [109 kB]
Fetched 325 kB in 1s (186 kB/s)    
Reading package lists... Done
Building dependency tree       
Reading state information... Done
15 packages can be upgraded. Run 'apt list --upgradable' to see them.
cec@cec-H110M:~$ apache -v
No command 'apache' found, did you mean:
 Command 'apache2' from package 'apache2-bin' (main)
apache: command not found
cec@cec-H110M:~$ apache2 -v
Command 'apache2' is available in '/usr/sbin/apache2'
The command could not be located because '/usr/sbin' is not included in the PATH environment variable.
This is most likely caused by the lack of administrative privileges associated with your user account.
apache2: command not found
cec@cec-H110M:~$ dpkg -s apache
dpkg-query: package 'apache' is not installed and no information is available
Use dpkg --info (= dpkg-deb --info) to examine archive files,
and dpkg --contents (= dpkg-deb --contents) to list their contents.
cec@cec-H110M:~$ sudo apt install apache2
Reading package lists... Done
Building dependency tree       
Reading state information... Done
apache2 is already the newest version (2.4.18-2ubuntu3.10).
0 upgraded, 0 newly installed, 0 to remove and 15 not upgraded.
cec@cec-H110M:~$ dpkg -s apache2
Package: apache2
Status: install ok installed
Priority: optional
Section: httpd
Installed-Size: 490
Maintainer: Ubuntu Developers <ubuntu-devel-discuss@lists.ubuntu.com>
Architecture: amd64
Version: 2.4.18-2ubuntu3.10
Replaces: apache2.2-bin, apache2.2-common
Provides: httpd, httpd-cgi
Depends: lsb-base, procps, perl, mime-support, apache2-bin (= 2.4.18-2ubuntu3.10), apache2-utils (>= 2.4), apache2-data (= 2.4.18-2ubuntu3.10)
Pre-Depends: dpkg (>= 1.17.14)
Recommends: ssl-cert
Suggests: www-browser, apache2-doc, apache2-suexec-pristine | apache2-suexec-custom, ufw
Conflicts: apache2.2-bin, apache2.2-common
Conffiles:
 /etc/apache2/apache2.conf da32fcc6a783acaebf0d74c17c726bf7
 /etc/apache2/conf-available/charset.conf 46ea15bcd82c11ea0973aa8842b1dc56
 /etc/apache2/conf-available/localized-error-pages.conf cfd0ae5e448102514efe8b97181d19c9
 /etc/apache2/conf-available/other-vhosts-access-log.conf 60d5d57995317aedb02bd2a20b366717
 /etc/apache2/conf-available/security.conf f2e736bb593323988d1ebdabee67729f
 /etc/apache2/conf-available/serve-cgi-bin.conf 21abde7dadc1020140b9ab796d06fd29
 /etc/apache2/envvars 331419cf134c3cdce519b0d0f151cbc9
 /etc/apache2/magic a6d370833a02f53db6a0a30800704994
 /etc/apache2/mods-available/access_compat.load f7f77b3eb4005749b583ff14b49f8bf1
 /etc/apache2/mods-available/actions.conf 8736884dbc596bcfdbb392409c96fde5
 /etc/apache2/mods-available/actions.load 95dcfd2efdd41666de5f31dd72e01e41
 /etc/apache2/mods-available/alias.conf c6e9f26152898c38e58211c8b362d5c3
 /etc/apache2/mods-available/alias.load 7742296502ce1d2f970cc87322d8ffba
 /etc/apache2/mods-available/allowmethods.load b377b96eb4dddd88f9428d9cc2fd87ea
 /etc/apache2/mods-available/asis.load d1003c9fa12b4d3ed35ea3827a689492
 /etc/apache2/mods-available/auth_basic.load a92c34a3ce5e67e2ecbd272155ebe072
 /etc/apache2/mods-available/auth_digest.load f29d047cd59013e2fa6724d677c7970b
 /etc/apache2/mods-available/auth_form.load 731420a769dd8ad537d68bfdbdd6a506
 /etc/apache2/mods-available/authn_anon.load 03cbe85c698911a3d3235b4855726481
 /etc/apache2/mods-available/authn_core.load c6420ed74b0095f8408aba3e11db4907
 /etc/apache2/mods-available/authn_dbd.load 86e21a672a4f245715a788f9873174ed
 /etc/apache2/mods-available/authn_dbm.load 4e37546871dbcba8550a0d781f6fbfa8
 /etc/apache2/mods-available/authn_file.load ecdeeab8cfec4a9dd0c065a4d6948c31
 /etc/apache2/mods-available/authn_socache.load 260e21e1eb5caa7bcabe8a2fae11445f
 /etc/apache2/mods-available/authnz_fcgi.load b12a39427b0b3a8d2ffb03cfc029da18
 /etc/apache2/mods-available/authnz_ldap.load d65845f053d08b82da239c73c9094c35
 /etc/apache2/mods-available/authz_core.load 90ad8f57655bcd98b7b07864736ab954
 /etc/apache2/mods-available/authz_dbd.load c746b8c3bf3fca950ca41fcd553328b4
 /etc/apache2/mods-available/authz_dbm.load 8cd42e62d8ca0701f9aad080ec968493
 /etc/apache2/mods-available/authz_groupfile.load 97a3e14926ce7bf5f2d2a7b93ece648d
 /etc/apache2/mods-available/authz_host.load f529587409471e3feb62256bccaf538a
 /etc/apache2/mods-available/authz_owner.load 9ed1ea15654bb594453438154b642539
 /etc/apache2/mods-available/authz_user.load bcf988f105564ec1e14b78df56a01cd8
 /etc/apache2/mods-available/autoindex.conf bfba7d77669e02b869b92e98215d58fc
 /etc/apache2/mods-available/autoindex.load b9f9d364f1b4c96c45b6db353180aa15
 /etc/apache2/mods-available/buffer.load ae1e21b4fd2c2e8236ec641cae9814bd
 /etc/apache2/mods-available/cache.load ea99aba14e9aa25c27653b9958239a6e
 /etc/apache2/mods-available/cache_disk.conf b716cf836c9f00dae0366a39f511b76d
 /etc/apache2/mods-available/cache_disk.load 56ebd9819aa70a7ff8ac04e4922049f2
 /etc/apache2/mods-available/cache_socache.load 4b548216cee2e910e9059e426f81e60c
 /etc/apache2/mods-available/cgi.load 32a1c48f0e29feb415c9460378728d82
 /etc/apache2/mods-available/cgid.conf e8a2836392051bde889cf9c137058273
 /etc/apache2/mods-available/cgid.load c3ee2eac02c248b5a39fb1a7afee4cb9
 /etc/apache2/mods-available/charset_lite.load 1585fcd1b631c2e9b166e170cb162c54
 /etc/apache2/mods-available/data.load b6cc5b9e815f551335596cd1e25ffc34
 /etc/apache2/mods-available/dav.load ed469867552a1145b8c3ffa5780ff83e
 /etc/apache2/mods-available/dav_fs.conf 162db96239f13b5416f369b6306d9db6
 /etc/apache2/mods-available/dav_fs.load 17f662fd023dbaaab9d89f9a11ae58c1
 /etc/apache2/mods-available/dav_lock.load faad09687e64ebb9670aa0b8095d6642
 /etc/apache2/mods-available/dbd.load f03fe275174a5ed97b0f5f5726ccea60
 /etc/apache2/mods-available/deflate.conf 6649a32153b9afdc53f6898b5a10a2d6
 /etc/apache2/mods-available/deflate.load 6a7a23153796456ee919abdf728fd972
 /etc/apache2/mods-available/dialup.load dbc3535a9e5dfd799cf16b5c0d58f137
 /etc/apache2/mods-available/dir.conf fe4bc5fa3b3cc7a241fe57f8fabc55a1
 /etc/apache2/mods-available/dir.load 397aadae1b8b18e3a7a233cf7c297f99
 /etc/apache2/mods-available/dump_io.load 8231c51ef692e0766625ece087484fe4
 /etc/apache2/mods-available/echo.load 226a145f19c43d9f921c35eacfd61cb2
 /etc/apache2/mods-available/env.load 3e8963a7df7c047be50a552d80a4f853
 /etc/apache2/mods-available/expires.load dac64edc06fe538c2edd7b3f1f3b03f1
 /etc/apache2/mods-available/ext_filter.load d3c4acfca1322274a9a8504e8cef27e9
 /etc/apache2/mods-available/file_cache.load f097659127628ec6f9c6a558d0baf566
 /etc/apache2/mods-available/filter.load 8df0170e37a8925238860657d6c60fe5
 /etc/apache2/mods-available/headers.load ba7d09162b65d09397bd58be33138e4d
 /etc/apache2/mods-available/heartbeat.load b78970d35346bfe5eb5817d228cb209c
 /etc/apache2/mods-available/heartmonitor.load b4da13d1c05a7dd1bdeb272300c1fc83
 /etc/apache2/mods-available/ident.load 51ba623a8a2bd71c512f847d02e0934f
 /etc/apache2/mods-available/include.load 9cf2fa9ceb6571b5fab4603daad44c83
 /etc/apache2/mods-available/info.conf 4a4aa21e0bb474d420c9a3e1c3320677
 /etc/apache2/mods-available/info.load c1faffe40b8bed9f2b817b9dc0503bb6
 /etc/apache2/mods-available/lbmethod_bybusyness.load 094b7c1d424cc4a1dee6f77d301e1888
 /etc/apache2/mods-available/lbmethod_byrequests.load f33d55ab5bbf907340426e31f99f6701
 /etc/apache2/mods-available/lbmethod_bytraffic.load e656d80b48c020b7d77ece23368e04f1
 /etc/apache2/mods-available/lbmethod_heartbeat.load 944703ff299a25cf068de7f6a2374465
 /etc/apache2/mods-available/ldap.conf 344968a263507c1991a160427e51ed9c
 /etc/apache2/mods-available/ldap.load 735ac5f246738e11a53f6c515b8dfc48
 /etc/apache2/mods-available/log_debug.load d062328e5987fa686615394768339abe
 /etc/apache2/mods-available/log_forensic.load 7177e2427eb7c78f1ab10c034a809793
 /etc/apache2/mods-available/lua.load 5e445ce688a49e0a1fcfcaa414fe21f9
 /etc/apache2/mods-available/macro.load 40e0509b4b2d307cdfe4de75fa89dc91
 /etc/apache2/mods-available/mime.conf 7369c2fd5edf2192edbd6d865b632ae5
 /etc/apache2/mods-available/mime.load 9c858dc2ad2825dc3f862ecba90cf6ec
 /etc/apache2/mods-available/mime_magic.conf ebeaf79afde03c805e795bb51eec155f
 /etc/apache2/mods-available/mime_magic.load ab5c69aa0c91f11157e9bfc4972f8cce
 /etc/apache2/mods-available/mpm_event.conf d868a76835101a66be2863362ef9f81a
 /etc/apache2/mods-available/mpm_event.load 08816d280ebbd94b8c5961fc6f7168b5
 /etc/apache2/mods-available/mpm_prefork.conf 26e539a16e51c4feddd2eedc568692e6
 /etc/apache2/mods-available/mpm_prefork.load 9bcdffe5055526e0929ecd49ee311c9e
 /etc/apache2/mods-available/mpm_worker.conf 2673a5a3f030bfb704bee034ce3a183c
 /etc/apache2/mods-available/mpm_worker.load 0c6640977f0f046a55fdaf76eb54adef
 /etc/apache2/mods-available/negotiation.conf 443398efdd41085bc1a70047f6e61c95
 /etc/apache2/mods-available/negotiation.load fd7bf44d833446a35f0199d7cbcc9793
 /etc/apache2/mods-available/proxy.conf b516d96935974214588d525edd7aed6d
 /etc/apache2/mods-available/proxy.load 3d3719c88d01152e817f74fc2fd6ce9e
 /etc/apache2/mods-available/proxy_ajp.load e058e03c1d4f9e4d8e2c439ed75cc501
 /etc/apache2/mods-available/proxy_balancer.conf 5e9113f9556e17c0fec6c81232651791
 /etc/apache2/mods-available/proxy_balancer.load 9c6e6ff2195159c8af97f7673e8d2ada
 /etc/apache2/mods-available/proxy_connect.load 6bc4b5de977f70a0b6ae98ab04383c0c
 /etc/apache2/mods-available/proxy_express.load f2ad6e7e80d2750cdca5986657e7835e
 /etc/apache2/mods-available/proxy_fcgi.load 09cbda44eecbf1cbab48b30045217e3c
 /etc/apache2/mods-available/proxy_fdpass.load 9e5584db5f748a2fb71b582a255a976e
 /etc/apache2/mods-available/proxy_ftp.conf dd9beba82c2838bcfd51a05dfb540929
 /etc/apache2/mods-available/proxy_ftp.load c05db1b229a7957f0032c0d79ed7e3c9
 /etc/apache2/mods-available/proxy_html.conf 5b60af3b1796f2db4b5f7a8a7941f1bc
 /etc/apache2/mods-available/proxy_html.load 9ac792bda6e69b4c80af1588289d3a9a
 /etc/apache2/mods-available/proxy_http.load 161b514c355c6daa95f11371fb9c184c
 /etc/apache2/mods-available/proxy_scgi.load cb11d685e60db26bbdad456263bf63b7
 /etc/apache2/mods-available/proxy_wstunnel.load d2e5c21b886333f1662fe74591260d5d
 /etc/apache2/mods-available/ratelimit.load fb40aa030d5458dd99a0c9d1141bcde4
 /etc/apache2/mods-available/reflector.load 306c71fae73733506db9099d106ba642
 /etc/apache2/mods-available/remoteip.load 81a6511c79ab338aef51a6c185152231
 /etc/apache2/mods-available/reqtimeout.conf 40b45155afb3d14263d12e6fc4a98513
 /etc/apache2/mods-available/reqtimeout.load 7fd814775dc3f3c9e6753ef874978f96
 /etc/apache2/mods-available/request.load 36c1b324cd545e3e29b50b5e2a8357e8
 /etc/apache2/mods-available/rewrite.load 55e18fb7df64c8f390904b972637c17d
 /etc/apache2/mods-available/sed.load 8ba3c7ff4243e6a45b6e3c372fc0de1b
 /etc/apache2/mods-available/session.load b552f1e184865c597ae397876fb3a0a6
 /etc/apache2/mods-available/session_cookie.load 89aff7a7f8b4347965d4cf6ea3c5beb9
 /etc/apache2/mods-available/session_crypto.load 066002be7d8c6c381553dbded41db1b6
 /etc/apache2/mods-available/session_dbd.load cf86e56f8ee26f5dccc39c2f690d7f79
 /etc/apache2/mods-available/setenvif.conf 533f5f92761c2c24d6820f1d7d1c45ad
 /etc/apache2/mods-available/setenvif.load 6f670fad5b6f6b14fa72c9cd3058469b
 /etc/apache2/mods-available/slotmem_plain.load fd33fcd86c77d4d5044ad904e7f38360
 /etc/apache2/mods-available/slotmem_shm.load 127df94eaf6987ad67b964f01eec3251
 /etc/apache2/mods-available/socache_dbm.load 9f11810517a6bf2eba31b336ebbfad70
 /etc/apache2/mods-available/socache_memcache.load c0101bc50501b12e7c8c74014560404b
 /etc/apache2/mods-available/socache_shmcb.load 9efb84889b8e1683ce104033bf30973d
 /etc/apache2/mods-available/speling.load 095570b0cb18ebdfc357a2241c6932ea
 /etc/apache2/mods-available/ssl.conf 6c30f44f4e2ad6bc51c917294aa8e34b
 /etc/apache2/mods-available/ssl.load 838b292226d2da6ceb3f1c793696ca12
 /etc/apache2/mods-available/status.conf 5d3689f109baf304af4f145249ca6326
 /etc/apache2/mods-available/status.load 00976ea5115f286bbc21357581d0b65e
 /etc/apache2/mods-available/substitute.load 50e63dc17612e22484a88f537e8aec8e
 /etc/apache2/mods-available/suexec.load 335169c85f4afc14524846789d46af06
 /etc/apache2/mods-available/unique_id.load 6c13959015fb35276572070b44e63380
 /etc/apache2/mods-available/userdir.conf 143f6c46903d32c98184186e30351dc2
 /etc/apache2/mods-available/userdir.load c034025405561ea48fbcb67fd1998f4d
 /etc/apache2/mods-available/usertrack.load 8400042dd4374fad5eedf33ffb3c68f0
 /etc/apache2/mods-available/vhost_alias.load fdd42d34966c329cdee2435dfe72ee24
 /etc/apache2/mods-available/xml2enc.load 1f7ab653ed3601bd265871cdf252a224
 /etc/apache2/ports.conf a961f23471d985c2b819b652b7f64321
 /etc/apache2/sites-available/000-default.conf f3066f67070ab9b1ad9bab81ca05330a
 /etc/apache2/sites-available/default-ssl.conf 801f4c746a88b4228596cb260a4220c4
 /etc/cron.daily/apache2 c788ffaa4c682c91e6a1cd7f53840d62
 /etc/default/apache-htcacheclean ae8721a0bc5b4e2ef7a5258b1e9db5c5
 /etc/init.d/apache-htcacheclean e62a644bcf3cb9f0afe37032916dc990
 /etc/init.d/apache2 744ef9ca584493299c353e2251cbf993
 /etc/logrotate.d/apache2 7322a4f050c1e2454249695236a3472c
 /etc/ufw/applications.d/apache2-utils.ufw.profile f8d4fd920e598ceb4379613c6261f6af
Description: Apache HTTP Server
 The Apache HTTP Server Project's goal is to build a secure, efficient and
 extensible HTTP server as standards-compliant open source software. The
 result has long been the number one web server on the Internet.
 .
 Installing this package results in a full installation, including the
 configuration files, init scripts and support scripts.
Homepage: http://httpd.apache.org/
Original-Maintainer: Debian Apache Maintainers <debian-apache@lists.debian.org>
cec@cec-H110M:~$ sudo ufw app list
Available applications:
  Apache
  Apache Full
  Apache Secure
  CUPS
  Nginx Full
  Nginx HTTP
  Nginx HTTPS
cec@cec-H110M:~$ dpkg -s ufw
Package: ufw
Status: install ok installed
Priority: optional
Section: admin
Installed-Size: 818
Maintainer: Jamie Strandboge <jamie@ubuntu.com>
Architecture: all
Version: 0.35-0ubuntu2
Depends: iptables, ucf, python3:any (>= 3.3.2-2~), debconf (>= 0.5) | debconf-2.0, init-system-helpers (>= 1.18~), lsb-base (>= 4.1+Debian11ubuntu7)
Suggests: rsyslog
Conffiles:
 /etc/default/ufw ef91ecde4a64da5c98da8968849804d5
 /etc/init.d/ufw ee21ed926eb989f8afbb0e10d2f56d24
 /etc/init/ufw.conf b85f80257c81675ef38e9db139fb0921
 /etc/logrotate.d/ufw 12b1fb7cee76fc46f161e1ead1a22ce6
 /etc/rsyslog.d/20-ufw.conf 98e2f72c9c65ca8d6299886b524e80d1
 /etc/ufw/sysctl.conf 3539cf073de407e030340351fe3f5fb7
Description: program for managing a Netfilter firewall
 The Uncomplicated FireWall is a front-end for iptables, to make managing a
 Netfilter firewall easier. It provides a command line interface with syntax
 similar to OpenBSD's Packet Filter. It is particularly well-suited as a
 host-based firewall.
Homepage: https://launchpad.net/ufw
cec@cec-H110M:~$ sudo ufw app info "WWW Full "
ERROR: Could not find profile 'WWW Full '
cec@cec-H110M:~$ sudo ufw app info "WWW Full"
ERROR: Could not find profile 'WWW Full'
cec@cec-H110M:~$ sudo apt install ufw app list
Reading package lists... Done
Building dependency tree       
Reading state information... Done
E: Unable to locate package app
E: Unable to locate package list
cec@cec-H110M:~$ sudo apt-get install ufw app list
Reading package lists... Done
Building dependency tree       
Reading state information... Done
E: Unable to locate package app
E: Unable to locate package list
cec@cec-H110M:~$ sudo ufw app allow in "WWW Full "
ERROR: Invalid syntax

Usage: ufw COMMAND

Commands:
 enable                          enables the firewall
 disable                         disables the firewall
 default ARG                     set default policy
 logging LEVEL                   set logging to LEVEL
 allow ARGS                      add allow rule
 deny ARGS                       add deny rule
 reject ARGS                     add reject rule
 limit ARGS                      add limit rule
 delete RULE|NUM                 delete RULE
 insert NUM RULE                 insert RULE at NUM
 route RULE                      add route RULE
 route delete RULE|NUM           delete route RULE
 route insert NUM RULE           insert route RULE at NUM
 reload                          reload firewall
 reset                           reset firewall
 status                          show firewall status
 status numbered                 show firewall status as numbered list of RULES
 status verbose                  show verbose firewall status
 show ARG                        show firewall report
 version                         display version information

Application profile commands:
 app list                        list application profiles
 app info PROFILE                show information on PROFILE
 app update PROFILE              update PROFILE
 app default ARG                 set default application policy

cec@cec-H110M:~$ sudo ufw app allow in "WWW Full"
ERROR: Invalid syntax

Usage: ufw COMMAND

Commands:
 enable                          enables the firewall
 disable                         disables the firewall
 default ARG                     set default policy
 logging LEVEL                   set logging to LEVEL
 allow ARGS                      add allow rule
 deny ARGS                       add deny rule
 reject ARGS                     add reject rule
 limit ARGS                      add limit rule
 delete RULE|NUM                 delete RULE
 insert NUM RULE                 insert RULE at NUM
 route RULE                      add route RULE
 route delete RULE|NUM           delete route RULE
 route insert NUM RULE           insert route RULE at NUM
 reload                          reload firewall
 reset                           reset firewall
 status                          show firewall status
 status numbered                 show firewall status as numbered list of RULES
 status verbose                  show verbose firewall status
 show ARG                        show firewall report
 version                         display version information

Application profile commands:
 app list                        list application profiles
 app info PROFILE                show information on PROFILE
 app update PROFILE              update PROFILE
 app default ARG                 set default application policy

cec@cec-H110M:~$ sudo ufw app info "WWW Full"
ERROR: Could not find profile 'WWW Full'
cec@cec-H110M:~$ sudo ufw app list
Available applications:
  Apache
  Apache Full
  Apache Secure
  CUPS
  Nginx Full
  Nginx HTTP
  Nginx HTTPS
cec@cec-H110M:~$ sudo apt-get install ufw
Reading package lists... Done
Building dependency tree       
Reading state information... Done
ufw is already the newest version (0.35-0ubuntu2).
0 upgraded, 0 newly installed, 0 to remove and 15 not upgraded.
cec@cec-H110M:~$ sudo ufw app info "WWW Full"
ERROR: Could not find profile 'WWW Full'
cec@cec-H110M:~$ sudo ufw app list
Available applications:
  Apache
  Apache Full
  Apache Secure
  CUPS
  Nginx Full
  Nginx HTTP
  Nginx HTTPS
cec@cec-H110M:~$ sudo systemctl enable apache2
apache2.service is not a native service, redirecting to systemd-sysv-install
Executing /lib/systemd/systemd-sysv-install enable apache2
cec@cec-H110M:~$ sudo ufw app allow in "WWW Full "
ERROR: Invalid syntax

Usage: ufw COMMAND

Commands:
 enable                          enables the firewall
 disable                         disables the firewall
 default ARG                     set default policy
 logging LEVEL                   set logging to LEVEL
 allow ARGS                      add allow rule
 deny ARGS                       add deny rule
 reject ARGS                     add reject rule
 limit ARGS                      add limit rule
 delete RULE|NUM                 delete RULE
 insert NUM RULE                 insert RULE at NUM
 route RULE                      add route RULE
 route delete RULE|NUM           delete route RULE
 route insert NUM RULE           insert route RULE at NUM
 reload                          reload firewall
 reset                           reset firewall
 status                          show firewall status
 status numbered                 show firewall status as numbered list of RULES
 status verbose                  show verbose firewall status
 show ARG                        show firewall report
 version                         display version information

Application profile commands:
 app list                        list application profiles
 app info PROFILE                show information on PROFILE
 app update PROFILE              update PROFILE
 app default ARG                 set default application policy

cec@cec-H110M:~$ sudo ufw app enable in "WWW Full"
ERROR: Invalid syntax

Usage: ufw COMMAND

Commands:
 enable                          enables the firewall
 disable                         disables the firewall
 default ARG                     set default policy
 logging LEVEL                   set logging to LEVEL
 allow ARGS                      add allow rule
 deny ARGS                       add deny rule
 reject ARGS                     add reject rule
 limit ARGS                      add limit rule
 delete RULE|NUM                 delete RULE
 insert NUM RULE                 insert RULE at NUM
 route RULE                      add route RULE
 route delete RULE|NUM           delete route RULE
 route insert NUM RULE           insert route RULE at NUM
 reload                          reload firewall
 reset                           reset firewall
 status                          show firewall status
 status numbered                 show firewall status as numbered list of RULES
 status verbose                  show verbose firewall status
 show ARG                        show firewall report
 version                         display version information

Application profile commands:
 app list                        list application profiles
 app info PROFILE                show information on PROFILE
 app update PROFILE              update PROFILE
 app default ARG                 set default application policy

cec@cec-H110M:~$ sudo systemctl enable apache2
apache2.service is not a native service, redirecting to systemd-sysv-install
Executing /lib/systemd/systemd-sysv-install enable apache2
cec@cec-H110M:~$ sudo ifconfig eth0
eth0: error fetching interface information: Device not found
cec@cec-H110M:~$ sudo ifconfig 
enp1s0    Link encap:Ethernet  HWaddr e0:d5:5e:07:61:3d  
          inet addr:192.168.0.189  Bcast:192.168.0.255  Mask:255.255.255.0
          inet6 addr: fe80::2b4d:9935:f69d:b0c0/64 Scope:Link
          UP BROADCAST RUNNING MULTICAST  MTU:1500  Metric:1
          RX packets:342177 errors:0 dropped:16 overruns:0 frame:0
          TX packets:155426 errors:0 dropped:0 overruns:0 carrier:0
          collisions:0 txqueuelen:1000 
          RX bytes:440755131 (440.7 MB)  TX bytes:11904971 (11.9 MB)

lo        Link encap:Local Loopback  
          inet addr:127.0.0.1  Mask:255.0.0.0
          inet6 addr: ::1/128 Scope:Host
          UP LOOPBACK RUNNING  MTU:65536  Metric:1
          RX packets:23270 errors:0 dropped:0 overruns:0 frame:0
          TX packets:23270 errors:0 dropped:0 overruns:0 carrier:0
          collisions:0 txqueuelen:1000 
          RX bytes:1723616 (1.7 MB)  TX bytes:1723616 (1.7 MB)

cec@cec-H110M:~$ cd /var/www/html/
cec@cec-H110M:/var/www/html$ rm index.nginx-debian.html
rm: remove write-protected regular file 'index.nginx-debian.html'? y 
rm: cannot remove 'index.nginx-debian.html': Permission denied
cec@cec-H110M:/var/www/html$ rm index.nginx-debian.html
rm: remove write-protected regular file 'index.nginx-debian.html'? 
cec@cec-H110M:/var/www/html$ vim index.html
The program 'vim' can be found in the following packages:
 * vim
 * vim-gnome
 * vim-tiny
 * vim-athena
 * vim-athena-py2
 * vim-gnome-py2
 * vim-gtk
 * vim-gtk-py2
 * vim-gtk3
 * vim-gtk3-py2
 * vim-nox
 * vim-nox-py2
Try: sudo apt install <selected package>
cec@cec-H110M:/var/www/html$ geddit index.html
No command 'geddit' found, did you mean:
 Command 'gedit' from package 'gedit' (main)
geddit: command not found
cec@cec-H110M:/var/www/html$ gedit index.html
No protocol specified
Failed to connect to Mir: Failed to connect to server socket: No such file or directory
Unable to init server: Could not connect: Connection refused

(gedit:31464): Gtk-WARNING **: cannot open display: :0
cec@cec-H110M:/var/www/html$ cat index.html
<html>
  <head>

    <meta http-equiv="content-type" content="text/html; charset=UTF-8">
    <title>cs17d00</title>
  </head>
  <body>
    <div align="center">S4D<b> CS232 Free and Open Source Software Lab<br>
        <br>
        Home page of cs17d13 Sample<br>
      </b>
      <table width="100%" border="1" cellspacing="2" cellpadding="2">
        <tbody>
          <tr>
            <td valign="top"><b>No</b><br>
            </td>
            <td valign="top">Experiment Description<br>
            </td>
            <td valign="top">Code Link<br>
            </td>
            <td valign="top">Date of <br>
              Upload<br>
            </td>
            <td valign="top">Description/Link Including<br>
            </td>
            <td valign="top">Result/Link<br>
            </td>
          </tr>
          <tr>
            <td valign="top"><br>
            </td>
            <td valign="top"><br>
            </td>
            <td valign="top"><br>
            </td>
            <td valign="top"><br>
            </td>
            <td valign="top"><br>
            </td>
            <td valign="top"><br>
            </td>
          </tr>
          <tr>
            <td valign="top"><br>
            </td>
            <td valign="top"><br>
            </td>
            <td valign="top"><br>
            </td>
            <td valign="top"><br>
            </td>
            <td valign="top"><br>
            </td>
            <td valign="top"><br>
            </td>
          </tr>
          <tr>
            <td valign="top"><br>
            </td>
            <td valign="top"><br>
            </td>
            <td valign="top"><br>
            </td>
            <td valign="top"><br>
            </td>
            <td valign="top"><br>
            </td>
            <td valign="top"><br>
            </td>
          </tr>
          <tr>
            <td valign="top"><br>
            </td>
            <td valign="top"><br>
            </td>
            <td valign="top"><br>
            </td>
            <td valign="top"><br>
            </td>
            <td valign="top"><br>
            </td>
            <td valign="top"><br>
            </td>
          </tr>
        </tbody>
      </table>
      <b><br>
        <br>
      </b></div>
  </body>
</html>

cec@cec-H110M:/var/www/html$ cat > index.html
-su: index.html: Permission denied
cec@cec-H110M:/var/www/html$ cat dfjkhd > index.html
-su: index.html: Permission denied
cec@cec-H110M:/var/www/html$ cat>index.html
-su: index.html: Permission denied
cec@cec-H110M:/var/www/html$ sudo cat>index.html
-su: index.html: Permission denied
cec@cec-H110M:/var/www/html$ cat >index.html
-su: index.html: Permission denied
cec@cec-H110M:/var/www/html$ ls
index.html  index.nginx-debian.html
cec@cec-H110M:/var/www/html$ rm index.nginx-debian.html 
rm: remove write-protected regular file 'index.nginx-debian.html'? 
cec@cec-H110M:/var/www/html$ ls
index.html  index.nginx-debian.html
cec@cec-H110M:/var/www/html$ sudo rm index.nginx-debian.html 
cec@cec-H110M:/var/www/html$ lss
No command 'lss' found, did you mean:
 Command 'lssu' from package 'nilfs-tools' (universe)
 Command 'gss' from package 'libgss-dev' (universe)
 Command 'lvs' from package 'lvm2' (main)
 Command 'ss' from package 'iproute2' (main)
 Command 'lrs' from package 'lrslib' (universe)
 Command 'lsw' from package 'suckless-tools' (universe)
 Command 'lsx' from package 'suckless-tools' (universe)
 Command 'ass' from package 'irpas' (multiverse)
 Command 'less' from package 'less' (main)
 Command 'les' from package 'atm-tools' (universe)
 Command 'lsh' from package 'lsh-client' (universe)
 Command 'ls' from package 'coreutils' (main)
lss: command not found
cec@cec-H110M:/var/www/html$ ls
index.html
cec@cec-H110M:/var/www/html$ sudo gedit index.html 

** (gedit:17968): WARNING **: Set document metadata failed: Setting attribute metadata::gedit-spell-enabled not supported

** (gedit:17968): WARNING **: Set document metadata failed: Setting attribute metadata::gedit-encoding not supported

(gedit:17968): Gtk-WARNING **: Calling Inhibit failed: GDBus.Error:org.freedesktop.DBus.Error.ServiceUnknown: The name org.gnome.SessionManager was not provided by any .service files

** (gedit:17968): WARNING **: Set document metadata failed: Setting attribute metadata::gedit-spell-enabled not supported

** (gedit:17968): WARNING **: Set document metadata failed: Setting attribute metadata::gedit-encoding not supported

** (gedit:17968): WARNING **: Set document metadata failed: Setting attribute metadata::gedit-spell-enabled not supported

** (gedit:17968): WARNING **: Set document metadata failed: Setting attribute metadata::gedit-encoding not supported

** (gedit:17968): WARNING **: Set document metadata failed: Setting attribute metadata::gedit-spell-enabled not supported

** (gedit:17968): WARNING **: Set document metadata failed: Setting attribute metadata::gedit-encoding not supported

** (gedit:17968): WARNING **: Set document metadata failed: Setting attribute metadata::gedit-position not supported
cec@cec-H110M:/var/www/html$ cd ..
cec@cec-H110M:/var/www$ cd ..
cec@cec-H110M:/var$ cd ..
cec@cec-H110M:/$ cd ..
cec@cec-H110M:/$ sudo apt install mariadb-server
Reading package lists... Done
Building dependency tree       
Reading state information... Done
The following package was automatically installed and is no longer required:
  libevent-core-2.0-5
Use 'sudo apt autoremove' to remove it.
The following additional packages will be installed:
  libdbd-mysql-perl libdbi-perl libmysqlclient20 libreadline5
  libterm-readkey-perl mariadb-client-10.0 mariadb-client-core-10.0
  mariadb-common mariadb-server-10.0 mariadb-server-core-10.0
Suggested packages:
  libmldbm-perl libnet-daemon-perl libsql-statement-perl mailx mariadb-test
  tinyca
The following packages will be REMOVED:
  mysql-client-5.7 mysql-client-core-5.7 mysql-server mysql-server-5.7
  mysql-server-core-5.7
The following NEW packages will be installed:
  libdbd-mysql-perl libdbi-perl libmysqlclient20 libreadline5
  libterm-readkey-perl mariadb-client-10.0 mariadb-client-core-10.0
  mariadb-common mariadb-server mariadb-server-10.0 mariadb-server-core-10.0
0 upgraded, 11 newly installed, 5 to remove and 15 not upgraded.
Need to get 16.3 MB of archives.
After this operation, 14.9 MB disk space will be freed.
Do you want to continue? [Y/n] y
Get:1 http://in.archive.ubuntu.com/ubuntu xenial-updates/universe amd64 mariadb-common all 10.0.38-0ubuntu0.16.04.1 [15.7 kB]
Get:2 http://in.archive.ubuntu.com/ubuntu xenial/main amd64 libdbi-perl amd64 1.634-1build1 [743 kB]
Get:3 http://in.archive.ubuntu.com/ubuntu xenial-updates/main amd64 libmysqlclient20 amd64 5.7.25-0ubuntu0.16.04.2 [813 kB]
Get:4 http://in.archive.ubuntu.com/ubuntu xenial-updates/universe amd64 libdbd-mysql-perl amd64 4.033-1ubuntu0.1 [84.3 kB]
Get:5 http://in.archive.ubuntu.com/ubuntu xenial/universe amd64 libterm-readkey-perl amd64 2.33-1build1 [27.2 kB]
Get:6 http://in.archive.ubuntu.com/ubuntu xenial/main amd64 libreadline5 amd64 5.2+dfsg-3build1 [99.5 kB]
Get:7 http://in.archive.ubuntu.com/ubuntu xenial-updates/universe amd64 mariadb-client-core-10.0 amd64 10.0.38-0ubuntu0.16.04.1 [4,286 kB]
Get:8 http://in.archive.ubuntu.com/ubuntu xenial-updates/universe amd64 mariadb-client-10.0 amd64 10.0.38-0ubuntu0.16.04.1 [1,162 kB]
Get:9 http://in.archive.ubuntu.com/ubuntu xenial-updates/universe amd64 mariadb-server-core-10.0 amd64 10.0.38-0ubuntu0.16.04.1 [4,859 kB]
Get:10 http://in.archive.ubuntu.com/ubuntu xenial-updates/universe amd64 mariadb-server-10.0 amd64 10.0.38-0ubuntu0.16.04.1 [4,160 kB]
Get:11 http://in.archive.ubuntu.com/ubuntu xenial-updates/universe amd64 mariadb-server all 10.0.38-0ubuntu0.16.04.1 [13.1 kB]
Fetched 16.3 MB in 9s (1,684 kB/s)                                             
Preconfiguring packages ...
(Reading database ... 235510 files and directories currently installed.)
Removing mysql-server (5.7.25-0ubuntu0.16.04.2) ...
Removing mysql-server-5.7 (5.7.25-0ubuntu0.16.04.2) ...
update-alternatives: using /etc/mysql/my.cnf.fallback to provide /etc/mysql/my.cnf (my.cnf) in auto mode
Removing mysql-client-5.7 (5.7.25-0ubuntu0.16.04.2) ...
Removing mysql-client-core-5.7 (5.7.25-0ubuntu0.16.04.2) ...
Removing mysql-server-core-5.7 (5.7.25-0ubuntu0.16.04.2) ...
Processing triggers for man-db (2.7.5-1) ...
Selecting previously unselected package mariadb-common.
(Reading database ... 235290 files and directories currently installed.)
Preparing to unpack .../mariadb-common_10.0.38-0ubuntu0.16.04.1_all.deb ...
Unpacking mariadb-common (10.0.38-0ubuntu0.16.04.1) ...
Selecting previously unselected package libdbi-perl.
Preparing to unpack .../libdbi-perl_1.634-1build1_amd64.deb ...
Unpacking libdbi-perl (1.634-1build1) ...
Selecting previously unselected package libmysqlclient20:amd64.
Preparing to unpack .../libmysqlclient20_5.7.25-0ubuntu0.16.04.2_amd64.deb ...
Unpacking libmysqlclient20:amd64 (5.7.25-0ubuntu0.16.04.2) ...
Selecting previously unselected package libdbd-mysql-perl.
Preparing to unpack .../libdbd-mysql-perl_4.033-1ubuntu0.1_amd64.deb ...
Unpacking libdbd-mysql-perl (4.033-1ubuntu0.1) ...
Selecting previously unselected package libterm-readkey-perl.
Preparing to unpack .../libterm-readkey-perl_2.33-1build1_amd64.deb ...
Unpacking libterm-readkey-perl (2.33-1build1) ...
Selecting previously unselected package libreadline5:amd64.
Preparing to unpack .../libreadline5_5.2+dfsg-3build1_amd64.deb ...
Unpacking libreadline5:amd64 (5.2+dfsg-3build1) ...
Selecting previously unselected package mariadb-client-core-10.0.
Preparing to unpack .../mariadb-client-core-10.0_10.0.38-0ubuntu0.16.04.1_amd64.deb ...
Unpacking mariadb-client-core-10.0 (10.0.38-0ubuntu0.16.04.1) ...
Selecting previously unselected package mariadb-client-10.0.
Preparing to unpack .../mariadb-client-10.0_10.0.38-0ubuntu0.16.04.1_amd64.deb ...
Unpacking mariadb-client-10.0 (10.0.38-0ubuntu0.16.04.1) ...
Selecting previously unselected package mariadb-server-core-10.0.
Preparing to unpack .../mariadb-server-core-10.0_10.0.38-0ubuntu0.16.04.1_amd64.deb ...
Unpacking mariadb-server-core-10.0 (10.0.38-0ubuntu0.16.04.1) ...
Processing triggers for man-db (2.7.5-1) ...
Processing triggers for libc-bin (2.23-0ubuntu11) ...
Setting up mariadb-common (10.0.38-0ubuntu0.16.04.1) ...
update-alternatives: using /etc/mysql/mariadb.cnf to provide /etc/mysql/my.cnf (my.cnf) in auto mode
Selecting previously unselected package mariadb-server-10.0.
(Reading database ... 235640 files and directories currently installed.)
Preparing to unpack .../mariadb-server-10.0_10.0.38-0ubuntu0.16.04.1_amd64.deb ...
/var/lib/mysql: found previous version 5.7
The file /var/lib/mysql/debian-5.7.flag indicated a
version that cannot automatically be upgraded. Therefore the
previous data directory will be renamed to /var/lib/mysql-5.7 and
a new data directory will be initialized at /var/lib/mysql.
Please manually export/import your data (e.g. with mysqldump) if needed.
Unpacking mariadb-server-10.0 (10.0.38-0ubuntu0.16.04.1) ...
Selecting previously unselected package mariadb-server.
Preparing to unpack .../mariadb-server_10.0.38-0ubuntu0.16.04.1_all.deb ...
Unpacking mariadb-server (10.0.38-0ubuntu0.16.04.1) ...
Processing triggers for man-db (2.7.5-1) ...
Processing triggers for systemd (229-4ubuntu21.21) ...
Processing triggers for ureadahead (0.100.0-19) ...
ureadahead will be reprofiled on next reboot
Setting up libdbi-perl (1.634-1build1) ...
Setting up libmysqlclient20:amd64 (5.7.25-0ubuntu0.16.04.2) ...
Setting up libdbd-mysql-perl (4.033-1ubuntu0.1) ...
Setting up libterm-readkey-perl (2.33-1build1) ...
Setting up libreadline5:amd64 (5.2+dfsg-3build1) ...
Setting up mariadb-client-core-10.0 (10.0.38-0ubuntu0.16.04.1) ...
Setting up mariadb-client-10.0 (10.0.38-0ubuntu0.16.04.1) ...
Setting up mariadb-server-core-10.0 (10.0.38-0ubuntu0.16.04.1) ...
Setting up mariadb-server-10.0 (10.0.38-0ubuntu0.16.04.1) ...
Installing new version of config file /etc/apparmor.d/usr.sbin.mysqld ...
Installing new version of config file /etc/init.d/mysql ...
Installing new version of config file /etc/logrotate.d/mysql-server ...
Installing new version of config file /etc/mysql/debian-start ...
Setting up mariadb-server (10.0.38-0ubuntu0.16.04.1) ...
Processing triggers for libc-bin (2.23-0ubuntu11) ...
Processing triggers for systemd (229-4ubuntu21.21) ...
Processing triggers for ureadahead (0.100.0-19) ...
cec@cec-H110M:/$ sudo mysql_secure_installation

NOTE: RUNNING ALL PARTS OF THIS SCRIPT IS RECOMMENDED FOR ALL MariaDB
      SERVERS IN PRODUCTION USE!  PLEASE READ EACH STEP CAREFULLY!

In order to log into MariaDB to secure it, we'll need the current
password for the root user.  If you've just installed MariaDB, and
you haven't set the root password yet, the password will be blank,
so you should just press enter here.

Enter current password for root (enter for none): 
OK, successfully used password, moving on...

Setting the root password ensures that nobody can log into the MariaDB
root user without the proper authorisation.

You already have a root password set, so you can safely answer 'n'.

Change the root password? [Y/n] n
 ... skipping.

By default, a MariaDB installation has an anonymous user, allowing anyone
to log into MariaDB without having to have a user account created for
them.  This is intended only for testing, and to make the installation
go a bit smoother.  You should remove them before moving into a
production environment.

Remove anonymous users? [Y/n] n
 ... skipping.

Normally, root should only be allowed to connect from 'localhost'.  This
ensures that someone cannot guess at the root password from the network.

Disallow root login remotely? [Y/n] y
 ... Success!

By default, MariaDB comes with a database named 'test' that anyone can
access.  This is also intended only for testing, and should be removed
before moving into a production environment.

Remove test database and access to it? [Y/n] n
 ... skipping.

Reloading the privilege tables will ensure that all changes made so far
will take effect immediately.

Reload privilege tables now? [Y/n] y
 ... Success!

Cleaning up...

All done!  If you've completed all of the above steps, your MariaDB
installation should now be secure.

Thanks for using MariaDB!
cec@cec-H110M:/$ sudo mariadb
sudo: mariadb: command not found
cec@cec-H110M:/$  mariadb
mariadb: command not found
cec@cec-H110M:/$ sudo systemctl status mariadb
● mariadb.service
   Loaded: not-found (Reason: No such file or directory)
   Active: inactive (dead)
cec@cec-H110M:/$ mysql -v
ERROR 1698 (28000): Access denied for user 'cec'@'localhost'
cec@cec-H110M:/$ mysql -V
mysql  Ver 15.1 Distrib 10.0.38-MariaDB, for debian-linux-gnu (x86_64) using readline 5.2
cec@cec-H110M:/$ mysql -u root -p
Enter password: 
ERROR 1698 (28000): Access denied for user 'root'@'localhost'
cec@cec-H110M:/$ mysql -u root -p
Enter password: 
ERROR 1698 (28000): Access denied for user 'root'@'localhost'
cec@cec-H110M:/$ mysql -u cec -p
Enter password: 
ERROR 1698 (28000): Access denied for user 'cec'@'localhost'
cec@cec-H110M:/$ mysql -u root -p
Enter password: 
ERROR 1698 (28000): Access denied for user 'root'@'localhost'
cec@cec-H110M:/$ sudo mysql_secure_installation

NOTE: RUNNING ALL PARTS OF THIS SCRIPT IS RECOMMENDED FOR ALL MariaDB
      SERVERS IN PRODUCTION USE!  PLEASE READ EACH STEP CAREFULLY!

In order to log into MariaDB to secure it, we'll need the current
password for the root user.  If you've just installed MariaDB, and
you haven't set the root password yet, the password will be blank,
so you should just press enter here.

Enter current password for root (enter for none): 
OK, successfully used password, moving on...

Setting the root password ensures that nobody can log into the MariaDB
root user without the proper authorisation.

You already have a root password set, so you can safely answer 'n'.

Change the root password? [Y/n] y
New password: 
Re-enter new password: 
Password updated successfully!
Reloading privilege tables..
 ... Success!


By default, a MariaDB installation has an anonymous user, allowing anyone
to log into MariaDB without having to have a user account created for
them.  This is intended only for testing, and to make the installation
go a bit smoother.  You should remove them before moving into a
production environment.

Remove anonymous users? [Y/n] n
 ... skipping.

Normally, root should only be allowed to connect from 'localhost'.  This
ensures that someone cannot guess at the root password from the network.

Disallow root login remotely? [Y/n] n
 ... skipping.

By default, MariaDB comes with a database named 'test' that anyone can
access.  This is also intended only for testing, and should be removed
before moving into a production environment.

Remove test database and access to it? [Y/n] n
 ... skipping.

Reloading the privilege tables will ensure that all changes made so far
will take effect immediately.

Reload privilege tables now? [Y/n] y
 ... Success!

Cleaning up...

All done!  If you've completed all of the above steps, your MariaDB
installation should now be secure.

Thanks for using MariaDB!
cec@cec-H110M:/$ mysql -u root -p
Enter password: 
ERROR 1698 (28000): Access denied for user 'root'@'localhost'
cec@cec-H110M:/$ mysql -u root -p
Enter password: 
ERROR 1698 (28000): Access denied for user 'root'@'localhost'
cec@cec-H110M:/$ mysql -u cec -p
Enter password: 
ERROR 1698 (28000): Access denied for user 'cec'@'localhost'
cec@cec-H110M:/$ sudo mariadb
sudo: mariadb: command not found
cec@cec-H110M:/$ mariadb -u admin -p
mariadb: command not found
cec@cec-H110M:/$ sudo mysql
Welcome to the MariaDB monitor.  Commands end with ; or \g.
Your MariaDB connection id is 57
Server version: 10.0.38-MariaDB-0ubuntu0.16.04.1 Ubuntu 16.04

Copyright (c) 2000, 2018, Oracle, MariaDB Corporation Ab and others.

Type 'help;' or '\h' for help. Type '\c' to clear the current input statement.

MariaDB [(none)]> 
MariaDB [(none)]> mariadb -u admin -p
    -> 
[1]+  Stopped                 sudo mysql
cec@cec-H110M:/$ sudo mysql
Welcome to the MariaDB monitor.  Commands end with ; or \g.
Your MariaDB connection id is 58
Server version: 10.0.38-MariaDB-0ubuntu0.16.04.1 Ubuntu 16.04

Copyright (c) 2000, 2018, Oracle, MariaDB Corporation Ab and others.

Type 'help;' or '\h' for help. Type '\c' to clear the current input statement.

MariaDB [(none)]> mysql -u admin -p
    -> ccadlab2
    -> 
[2]+  Stopped                 sudo mysql
cec@cec-H110M:/$ sudo mysql
Welcome to the MariaDB monitor.  Commands end with ; or \g.
Your MariaDB connection id is 59
Server version: 10.0.38-MariaDB-0ubuntu0.16.04.1 Ubuntu 16.04

Copyright (c) 2000, 2018, Oracle, MariaDB Corporation Ab and others.

Type 'help;' or '\h' for help. Type '\c' to clear the current input statement.

MariaDB [(none)]> help

General information about MariaDB can be found at
http://mariadb.org

List of all MySQL commands:
Note that all text commands must be first on line and end with ';'
?         (\?) Synonym for `help'.
clear     (\c) Clear the current input statement.
connect   (\r) Reconnect to the server. Optional arguments are db and host.
delimiter (\d) Set statement delimiter.
edit      (\e) Edit command with $EDITOR.
ego       (\G) Send command to mysql server, display result vertically.
exit      (\q) Exit mysql. Same as quit.
go        (\g) Send command to mysql server.
help      (\h) Display this help.
nopager   (\n) Disable pager, print to stdout.
notee     (\t) Don't write into outfile.
pager     (\P) Set PAGER [to_pager]. Print the query results via PAGER.
print     (\p) Print current command.
prompt    (\R) Change your mysql prompt.
quit      (\q) Quit mysql.
rehash    (\#) Rebuild completion hash.
source    (\.) Execute an SQL script file. Takes a file name as an argument.
status    (\s) Get status information from the server.
system    (\!) Execute a system shell command.
tee       (\T) Set outfile [to_outfile]. Append everything into given outfile.
use       (\u) Use another database. Takes database name as argument.
charset   (\C) Switch to another charset. Might be needed for processing binlog with multi-byte charsets.
warnings  (\W) Show warnings after every statement.
nowarning (\w) Don't show warnings after every statement.

For server side help, type 'help contents'

MariaDB [(none)]> status
--------------
mysql  Ver 15.1 Distrib 10.0.38-MariaDB, for debian-linux-gnu (x86_64) using readline 5.2

Connection id:		59
Current database:	
Current user:		root@localhost
SSL:			Not in use
Current pager:		stdout
Using outfile:		''
Using delimiter:	;
Server:			MariaDB
Server version:		10.0.38-MariaDB-0ubuntu0.16.04.1 Ubuntu 16.04
Protocol version:	10
Connection:		Localhost via UNIX socket
Server characterset:	utf8mb4
Db     characterset:	utf8mb4
Client characterset:	utf8mb4
Conn.  characterset:	utf8mb4
UNIX socket:		/var/run/mysqld/mysqld.sock
Uptime:			8 min 18 sec

Threads: 3  Questions: 735  Slow queries: 0  Opens: 150  Flush tables: 1  Open tables: 31  Queries per second avg: 1.475
--------------

MariaDB [(none)]> Ctrl-C -- exit!
Aborted
cec@cec-H110M:/$ mariadb
mariadb: command not found
cec@cec-H110M:/$ mysql
ERROR 1698 (28000): Access denied for user 'cec'@'localhost'
cec@cec-H110M:/$ mysql -u admin -p
Enter password: 
ERROR 1698 (28000): Access denied for user 'admin'@'localhost'
cec@cec-H110M:/$ mysql -u root -p
Enter password: 
ERROR 1698 (28000): Access denied for user 'root'@'localhost'
cec@cec-H110M:/$ mysql -u root -p
Enter password: 
ERROR 1698 (28000): Access denied for user 'root'@'localhost'
cec@cec-H110M:/$ mariadb
mariadb: command not found
cec@cec-H110M:/$ sudo mysql_secure_installation

NOTE: RUNNING ALL PARTS OF THIS SCRIPT IS RECOMMENDED FOR ALL MariaDB
      SERVERS IN PRODUCTION USE!  PLEASE READ EACH STEP CAREFULLY!

In order to log into MariaDB to secure it, we'll need the current
password for the root user.  If you've just installed MariaDB, and
you haven't set the root password yet, the password will be blank,
so you should just press enter here.

Enter current password for root (enter for none): 
OK, successfully used password, moving on...

Setting the root password ensures that nobody can log into the MariaDB
root user without the proper authorisation.

Set root password? [Y/n] n
 ... skipping.

By default, a MariaDB installation has an anonymous user, allowing anyone
to log into MariaDB without having to have a user account created for
them.  This is intended only for testing, and to make the installation
go a bit smoother.  You should remove them before moving into a
production environment.

Remove anonymous users? [Y/n] n
 ... skipping.

Normally, root should only be allowed to connect from 'localhost'.  This
ensures that someone cannot guess at the root password from the network.

Disallow root login remotely? [Y/n] n
 ... skipping.

By default, MariaDB comes with a database named 'test' that anyone can
access.  This is also intended only for testing, and should be removed
before moving into a production environment.

Remove test database and access to it? [Y/n] n
 ... skipping.

Reloading the privilege tables will ensure that all changes made so far
will take effect immediately.

Reload privilege tables now? [Y/n] y
 ... Success!

Cleaning up...

All done!  If you've completed all of the above steps, your MariaDB
installation should now be secure.

Thanks for using MariaDB!
cec@cec-H110M:/$ mysql -u root -p
Enter password: 
ERROR 1698 (28000): Access denied for user 'root'@'localhost'
cec@cec-H110M:/$ mysql -u admin -p
Enter password: 
ERROR 1698 (28000): Access denied for user 'admin'@'localhost'
cec@cec-H110M:/$ mysql status
ERROR 1698 (28000): Access denied for user 'cec'@'localhost'
cec@cec-H110M:/$ sudo mysql
Welcome to the MariaDB monitor.  Commands end with ; or \g.
Your MariaDB connection id is 69
Server version: 10.0.38-MariaDB-0ubuntu0.16.04.1 Ubuntu 16.04

Copyright (c) 2000, 2018, Oracle, MariaDB Corporation Ab and others.

Type 'help;' or '\h' for help. Type '\c' to clear the current input statement.

MariaDB [(none)]> status
--------------
mysql  Ver 15.1 Distrib 10.0.38-MariaDB, for debian-linux-gnu (x86_64) using readline 5.2

Connection id:		69
Current database:	
Current user:		root@localhost
SSL:			Not in use
Current pager:		stdout
Using outfile:		''
Using delimiter:	;
Server:			MariaDB
Server version:		10.0.38-MariaDB-0ubuntu0.16.04.1 Ubuntu 16.04
Protocol version:	10
Connection:		Localhost via UNIX socket
Server characterset:	utf8mb4
Db     characterset:	utf8mb4
Client characterset:	utf8mb4
Conn.  characterset:	utf8mb4
UNIX socket:		/var/run/mysqld/mysqld.sock
Uptime:			13 min 41 sec

Threads: 3  Questions: 744  Slow queries: 0  Opens: 150  Flush tables: 1  Open tables: 31  Queries per second avg: 0.906
--------------

MariaDB [(none)]> enable
    -> 
    -> Ctrl-C -- exit!
Aborted
cec@cec-H110M:/$ sudo apt install php libapache2-mod-php php-mysql
Reading package lists... Done
Building dependency tree       
Reading state information... Done
libapache2-mod-php is already the newest version (1:7.0+35ubuntu6.1).
php-mysql is already the newest version (1:7.0+35ubuntu6.1).
The following package was automatically installed and is no longer required:
  libevent-core-2.0-5
Use 'sudo apt autoremove' to remove it.
The following additional packages will be installed:
  php7.0
The following NEW packages will be installed:
  php php7.0
0 upgraded, 2 newly installed, 0 to remove and 15 not upgraded.
Need to get 4,148 B of archives.
After this operation, 20.5 kB of additional disk space will be used.
Do you want to continue? [Y/n] y
Get:1 http://in.archive.ubuntu.com/ubuntu xenial-updates/main amd64 php7.0 all 7.0.33-0ubuntu0.16.04.4 [1,286 B]
Get:2 http://in.archive.ubuntu.com/ubuntu xenial-updates/main amd64 php all 1:7.0+35ubuntu6.1 [2,862 B]
Fetched 4,148 B in 0s (0 B/s)   
Selecting previously unselected package php7.0.
(Reading database ... 235733 files and directories currently installed.)
Preparing to unpack .../php7.0_7.0.33-0ubuntu0.16.04.4_all.deb ...
Unpacking php7.0 (7.0.33-0ubuntu0.16.04.4) ...
Selecting previously unselected package php.
Preparing to unpack .../php_1%3a7.0+35ubuntu6.1_all.deb ...
Unpacking php (1:7.0+35ubuntu6.1) ...
Setting up php7.0 (7.0.33-0ubuntu0.16.04.4) ...
Setting up php (1:7.0+35ubuntu6.1) ...
cec@cec-H110M:/$ sudo vim /etc/apache2/mods-enabled/dir.conf 
sudo: vim: command not found
cec@cec-H110M:/$ sudo gedit /etc/apache2/mods-enabled/dir.conf 

** (gedit:11071): WARNING **: Set document metadata failed: Setting attribute metadata::gedit-position not supported
cec@cec-H110M:/$ sudo systemctl restart apache2
cec@cec-H110M:/$ sudo systemctl status apache2
● apache2.service - LSB: Apache2 web server
   Loaded: loaded (/etc/init.d/apache2; bad; vendor preset: enabled)
  Drop-In: /lib/systemd/system/apache2.service.d
           └─apache2-systemd.conf
   Active: inactive (dead) since Thu 2019-04-25 10:41:09 IST; 7s ago
     Docs: man:systemd-sysv-generator(8)
  Process: 11734 ExecStop=/etc/init.d/apache2 stop (code=exited, status=0/SUCCES
  Process: 11690 ExecStart=/etc/init.d/apache2 start (code=exited, status=0/SUCC

Apr 25 10:41:09 cec-H110M apache2[11690]: (98)Address already in use: AH00072: m
Apr 25 10:41:09 cec-H110M apache2[11690]: (98)Address already in use: AH00072: m
Apr 25 10:41:09 cec-H110M apache2[11690]: no listening sockets available, shutti
Apr 25 10:41:09 cec-H110M apache2[11690]: AH00015: Unable to open logs
Apr 25 10:41:09 cec-H110M apache2[11690]: Action 'start' failed.
Apr 25 10:41:09 cec-H110M apache2[11690]: The Apache error log may have more inf
Apr 25 10:41:09 cec-H110M apache2[11690]:  *
Apr 25 10:41:09 cec-H110M apache2[11734]:  * Stopping Apache httpd web server ap
Apr 25 10:41:09 cec-H110M apache2[11734]:  *
Apr 25 10:41:09 cec-H110M systemd[1]: Started LSB: Apache2 web server.
...skipping...
● apache2.service - LSB: Apache2 web server
   Loaded: loaded (/etc/init.d/apache2; bad; vendor preset: enabled)
  Drop-In: /lib/systemd/system/apache2.service.d
           └─apache2-systemd.conf
   Active: inactive (dead) since Thu 2019-04-25 10:41:09 IST; 7s ago
     Docs: man:systemd-sysv-generator(8)
  Process: 11734 ExecStop=/etc/init.d/apache2 stop (code=exited, status=0/SUCCES
  Process: 11690 ExecStart=/etc/init.d/apache2 start (code=exited, status=0/SUCC

Apr 25 10:41:09 cec-H110M apache2[11690]: (98)Address already in use: AH00072: m
Apr 25 10:41:09 cec-H110M apache2[11690]: (98)Address already in use: AH00072: m
Apr 25 10:41:09 cec-H110M apache2[11690]: no listening sockets available, shutti
Apr 25 10:41:09 cec-H110M apache2[11690]: AH00015: Unable to open logs
Apr 25 10:41:09 cec-H110M apache2[11690]: Action 'start' failed.
Apr 25 10:41:09 cec-H110M apache2[11690]: The Apache error log may have more inf
Apr 25 10:41:09 cec-H110M apache2[11690]:  *
Apr 25 10:41:09 cec-H110M apache2[11734]:  * Stopping Apache httpd web server ap
Apr 25 10:41:09 cec-H110M apache2[11734]:  *
Apr 25 10:41:09 cec-H110M systemd[1]: Started LSB: Apache2 web server.
~
~
~
~
lines 1-19/19 (END)
cec@cec-H110M:/$ sudo gedit index.php

(gedit:13006): Gtk-WARNING **: Calling Inhibit failed: GDBus.Error:org.freedesktop.DBus.Error.ServiceUnknown: The name org.gnome.SessionManager was not provided by any .service files

** (gedit:13006): WARNING **: Set document metadata failed: Setting attribute metadata::gedit-spell-enabled not supported

** (gedit:13006): WARNING **: Set document metadata failed: Setting attribute metadata::gedit-encoding not supported

** (gedit:13006): WARNING **: Set document metadata failed: Setting attribute metadata::gedit-spell-enabled not supported

** (gedit:13006): WARNING **: Set document metadata failed: Setting attribute metadata::gedit-encoding not supported

** (gedit:13006): WARNING **: Set document metadata failed: Setting attribute metadata::gedit-position not supported
cec@cec-H110M:/$ ifconfig
Command 'ifconfig' is available in '/sbin/ifconfig'
The command could not be located because '/sbin' is not included in the PATH environment variable.
This is most likely caused by the lack of administrative privileges associated with your user account.
ifconfig: command not found
cec@cec-H110M:/$ sudo ifconfig
enp1s0    Link encap:Ethernet  HWaddr e0:d5:5e:07:61:3d  
          inet addr:192.168.0.189  Bcast:192.168.0.255  Mask:255.255.255.0
          inet6 addr: fe80::2b4d:9935:f69d:b0c0/64 Scope:Link
          UP BROADCAST RUNNING MULTICAST  MTU:1500  Metric:1
          RX packets:404662 errors:0 dropped:24 overruns:0 frame:0
          TX packets:168951 errors:0 dropped:0 overruns:0 carrier:0
          collisions:0 txqueuelen:1000 
          RX bytes:466426992 (466.4 MB)  TX bytes:13705410 (13.7 MB)

lo        Link encap:Local Loopback  
          inet addr:127.0.0.1  Mask:255.0.0.0
          inet6 addr: ::1/128 Scope:Host
          UP LOOPBACK RUNNING  MTU:65536  Metric:1
          RX packets:32651 errors:0 dropped:0 overruns:0 frame:0
          TX packets:32651 errors:0 dropped:0 overruns:0 carrier:0
          collisions:0 txqueuelen:1000 
          RX bytes:2421018 (2.4 MB)  TX bytes:2421018 (2.4 MB)

cec@cec-H110M:/$ sudo mysql_secure_installation

NOTE: RUNNING ALL PARTS OF THIS SCRIPT IS RECOMMENDED FOR ALL MariaDB
      SERVERS IN PRODUCTION USE!  PLEASE READ EACH STEP CAREFULLY!

In order to log into MariaDB to secure it, we'll need the current
password for the root user.  If you've just installed MariaDB, and
you haven't set the root password yet, the password will be blank,
so you should just press enter here.

Enter current password for root (enter for none): 
OK, successfully used password, moving on...

Setting the root password ensures that nobody can log into the MariaDB
root user without the proper authorisation.

Set root password? [Y/n] y
New password: 
Re-enter new password: 
Sorry, you can't use an empty password here.

New password: 
Re-enter new password: 
Password updated successfully!
Reloading privilege tables..
 ... Success!


By default, a MariaDB installation has an anonymous user, allowing anyone
to log into MariaDB without having to have a user account created for
them.  This is intended only for testing, and to make the installation
go a bit smoother.  You should remove them before moving into a
production environment.

Remove anonymous users? [Y/n] y
 ... Success!

Normally, root should only be allowed to connect from 'localhost'.  This
ensures that someone cannot guess at the root password from the network.

Disallow root login remotely? [Y/n] y
 ... Success!

By default, MariaDB comes with a database named 'test' that anyone can
access.  This is also intended only for testing, and should be removed
before moving into a production environment.

Remove test database and access to it? [Y/n] y
 - Dropping test database...
 ... Success!
 - Removing privileges on test database...
 ... Success!

Reloading the privilege tables will ensure that all changes made so far
will take effect immediately.

Reload privilege tables now? [Y/n] y
 ... Success!

Cleaning up...

All done!  If you've completed all of the above steps, your MariaDB
installation should now be secure.

Thanks for using MariaDB!
cec@cec-H110M:/$ sudo mysql
Welcome to the MariaDB monitor.  Commands end with ; or \g.
Your MariaDB connection id is 78
Server version: 10.0.38-MariaDB-0ubuntu0.16.04.1 Ubuntu 16.04

Copyright (c) 2000, 2018, Oracle, MariaDB Corporation Ab and others.

Type 'help;' or '\h' for help. Type '\c' to clear the current input statement.

MariaDB [(none)]> status
--------------
mysql  Ver 15.1 Distrib 10.0.38-MariaDB, for debian-linux-gnu (x86_64) using readline 5.2

Connection id:		78
Current database:	
Current user:		root@localhost
SSL:			Not in use
Current pager:		stdout
Using outfile:		''
Using delimiter:	;
Server:			MariaDB
Server version:		10.0.38-MariaDB-0ubuntu0.16.04.1 Ubuntu 16.04
Protocol version:	10
Connection:		Localhost via UNIX socket
Server characterset:	utf8mb4
Db     characterset:	utf8mb4
Client characterset:	utf8mb4
Conn.  characterset:	utf8mb4
UNIX socket:		/var/run/mysqld/mysqld.sock
Uptime:			19 min 13 sec

Threads: 3  Questions: 771  Slow queries: 0  Opens: 150  Flush tables: 1  Open tables: 31  Queries per second avg: 0.668
--------------

MariaDB [(none)]> enableCtrl-C -- exit!
Aborted
cec@cec-H110M:/$ mariadbmariadb -u admin -p
'mariadbmariadb: command not found
cec@cec-H110M:/$ mariadb -u admin -p
mariadb: command not found
cec@cec-H110M:/$ mysql -u admin -p
Enter password: 
ERROR 1698 (28000): Access denied for user 'admin'@'localhost'
cec@cec-H110M:/$ mysql -u admin -p
Enter password: 
ERROR 1698 (28000): Access denied for user 'admin'@'localhost'
cec@cec-H110M:/$ mysql -u admin -p
Enter password: 
ERROR 1698 (28000): Access denied for user 'admin'@'localhost'
cec@cec-H110M:/$ mysql -u root -p
Enter password: 
ERROR 1698 (28000): Access denied for user 'root'@'localhost'
cec@cec-H110M:/$ sudo systemctl restart apache2
cec@cec-H110M:/$ sudo systemctl status apache2
● apache2.service - LSB: Apache2 web server
   Loaded: loaded (/etc/init.d/apache2; bad; vendor preset: enabled)
  Drop-In: /lib/systemd/system/apache2.service.d
           └─apache2-systemd.conf
   Active: inactive (dead) since Thu 2019-04-25 10:46:40 IST; 5s ago
     Docs: man:systemd-sysv-generator(8)
  Process: 29245 ExecStop=/etc/init.d/apache2 stop (code=exited, status=0/SUCCES
  Process: 29215 ExecStart=/etc/init.d/apache2 start (code=exited, status=0/SUCC

Apr 25 10:46:40 cec-H110M apache2[29215]: (98)Address already in use: AH00072: m
Apr 25 10:46:40 cec-H110M apache2[29215]: (98)Address already in use: AH00072: m
Apr 25 10:46:40 cec-H110M apache2[29215]: no listening sockets available, shutti
Apr 25 10:46:40 cec-H110M apache2[29215]: AH00015: Unable to open logs
Apr 25 10:46:40 cec-H110M apache2[29215]: Action 'start' failed.
Apr 25 10:46:40 cec-H110M apache2[29215]: The Apache error log may have more inf
Apr 25 10:46:40 cec-H110M apache2[29215]:  *
Apr 25 10:46:40 cec-H110M apache2[29245]:  * Stopping Apache httpd web server ap
Apr 25 10:46:40 cec-H110M apache2[29245]:  *
Apr 25 10:46:40 cec-H110M systemd[1]: Started LSB: Apache2 web server.

[3]+  Stopped                 sudo systemctl status apache2
cec@cec-H110M:/$ sudo systemctl status apache2
● apache2.service - LSB: Apache2 web server
   Loaded: loaded (/etc/init.d/apache2; bad; vendor preset: enabled)
  Drop-In: /lib/systemd/system/apache2.service.d
           └─apache2-systemd.conf
   Active: inactive (dead) since Thu 2019-04-25 10:46:40 IST; 21s ago
     Docs: man:systemd-sysv-generator(8)
  Process: 29245 ExecStop=/etc/init.d/apache2 stop (code=exited, status=0/SUCCES
  Process: 29215 ExecStart=/etc/init.d/apache2 start (code=exited, status=0/SUCC

Apr 25 10:46:40 cec-H110M apache2[29215]: (98)Address already in use: AH00072: m
Apr 25 10:46:40 cec-H110M apache2[29215]: (98)Address already in use: AH00072: m
Apr 25 10:46:40 cec-H110M apache2[29215]: no listening sockets available, shutti
Apr 25 10:46:40 cec-H110M apache2[29215]: AH00015: Unable to open logs
Apr 25 10:46:40 cec-H110M apache2[29215]: Action 'start' failed.
Apr 25 10:46:40 cec-H110M apache2[29215]: The Apache error log may have more inf
Apr 25 10:46:40 cec-H110M apache2[29215]:  *
Apr 25 10:46:40 cec-H110M apache2[29245]:  * Stopping Apache httpd web server ap
Apr 25 10:46:40 cec-H110M apache2[29245]:  *
Apr 25 10:46:40 cec-H110M systemd[1]: Started LSB: Apache2 web server.

[4]+  Stopped                 sudo systemctl status apache2
cec@cec-H110M:/$ cd /var/www/html/
cec@cec-H110M:/var/www/html$ ls
index.html
cec@cec-H110M:/var/www/html$ sudo gedit index.php

(gedit:4725): Gtk-WARNING **: Calling Inhibit failed: GDBus.Error:org.freedesktop.DBus.Error.ServiceUnknown: The name org.gnome.SessionManager was not provided by any .service files

** (gedit:4725): WARNING **: Set document metadata failed: Setting attribute metadata::gedit-spell-enabled not supported

** (gedit:4725): WARNING **: Set document metadata failed: Setting attribute metadata::gedit-encoding not supported

** (gedit:4725): WARNING **: Set document metadata failed: Setting attribute metadata::gedit-position not supported
cec@cec-H110M:/var/www/html$ ls
index.html  index.php
cec@cec-H110M:/var/www/html$ sudo -s nginx stop
nginx: invalid option: "stop"
cec@cec-H110M:/var/www/html$ sudo nginx -s stop
cec@cec-H110M:/var/www/html$ sudp apache2ctl restart
No command 'sudp' found, did you mean:
 Command 'sudo' from package 'sudo' (main)
 Command 'sudo' from package 'sudo-ldap' (universe)
 Command 'sfdp' from package 'graphviz' (main)
 Command 'sup' from package 'sup' (universe)
sudp: command not found
cec@cec-H110M:/var/www/html$ sudo apache2ctl restart
AH00558: apache2: Could not reliably determine the server's fully qualified domain name, using 127.0.1.1. Set the 'ServerName' directive globally to suppress this message
httpd not running, trying to start
cec@cec-H110M:/var/www/html$ sudo gedit index.php

(gedit:26943): Gtk-WARNING **: Calling Inhibit failed: GDBus.Error:org.freedesktop.DBus.Error.ServiceUnknown: The name org.gnome.SessionManager was not provided by any .service files

** (gedit:26943): WARNING **: Set document metadata failed: Setting attribute metadata::gedit-spell-enabled not supported

** (gedit:26943): WARNING **: Set document metadata failed: Setting attribute metadata::gedit-encoding not supported

** (gedit:26943): WARNING **: Set document metadata failed: Setting attribute metadata::gedit-spell-enabled not supported

** (gedit:26943): WARNING **: Set document metadata failed: Setting attribute metadata::gedit-encoding not supported

** (gedit:26943): WARNING **: Set document metadata failed: Setting attribute metadata::gedit-position not supported
cec@cec-H110M:/var/www/html$ sudo gedit index.php

(gedit:28220): Gtk-WARNING **: Calling Inhibit failed: GDBus.Error:org.freedesktop.DBus.Error.ServiceUnknown: The name org.gnome.SessionManager was not provided by any .service files

** (gedit:28220): WARNING **: Set document metadata failed: Setting attribute metadata::gedit-spell-enabled not supported

** (gedit:28220): WARNING **: Set document metadata failed: Setting attribute metadata::gedit-encoding not supported

** (gedit:28220): WARNING **: Set document metadata failed: Setting attribute metadata::gedit-position not supported
cec@cec-H110M:/var/www/html$ sudo gedit index.php

(gedit:29795): Gtk-WARNING **: Calling Inhibit failed: GDBus.Error:org.freedesktop.DBus.Error.ServiceUnknown: The name org.gnome.SessionManager was not provided by any .service files

** (gedit:29795): WARNING **: Set document metadata failed: Setting attribute metadata::gedit-spell-enabled not supported

** (gedit:29795): WARNING **: Set document metadata failed: Setting attribute metadata::gedit-encoding not supported

** (gedit:29795): WARNING **: Set document metadata failed: Setting attribute metadata::gedit-position not supported
cec@cec-H110M:/var/www/html$ cd .. 
cec@cec-H110M:/var/www$ cd ..
cec@cec-H110M:/var$ cd ..
cec@cec-H110M:/$ 
